// Jest Snapshot v1, https://goo.gl/fbAQLP

exports[`@Render renders Counter component 1`] = `
<div>
  <p>
    Count: 
    2
  </p>
  <button
    onClick={[Function]}
  >
    Increment by 
    1
  </button>
</div>
`;

exports[`@Render sets Counter.Render 1`] = `
<div>
  <p>
    Count: 
    0
  </p>
  <button
    onClick={[Function]}
  >
    Increment by 
    1
  </button>
</div>
`;

exports[`@Render updates from getDerivedStateFromProps 1`] = `
<div>
  <p>
    Count: 
    1
  </p>
  <button
    onClick={[Function]}
  >
    Increment by 
    1
  </button>
</div>
`;
